[0.084s] DEBUG:colcon:Command line arguments: ['/usr/bin/colcon', 'build', '--packages-select', 'kistar_hand_bridge']
[0.084s] DEBUG:colcon:Parsed command line arguments: Namespace(log_base=None, log_level=None, verb_name='build', build_base='build', install_base='install', merge_install=False, symlink_install=False, test_result_base=None, continue_on_error=False, executor='parallel', parallel_workers=8, event_handlers=None, ignore_user_meta=False, metas=['./colcon.meta'], base_paths=['.'], packages_ignore=None, packages_ignore_regex=None, paths=None, packages_up_to=None, packages_up_to_regex=None, packages_above=None, packages_above_and_dependencies=None, packages_above_depth=None, packages_select_by_dep=None, packages_skip_by_dep=None, packages_skip_up_to=None, packages_select_build_failed=False, packages_skip_build_finished=False, packages_select_test_failures=False, packages_skip_test_passed=False, packages_select=['kistar_hand_bridge'], packages_skip=None, packages_select_regex=None, packages_skip_regex=None, packages_start=None, packages_end=None, allow_overriding=[], cmake_args=None, cmake_target=None, cmake_target_skip_unavailable=False, cmake_clean_cache=False, cmake_clean_first=False, cmake_force_configure=False, ament_cmake_args=None, catkin_cmake_args=None, catkin_skip_building_tests=False, mixin_files=None, mixin=None, verb_parser=<colcon_mixin.mixin.mixin_argument.MixinArgumentDecorator object at 0x7f9b5c07afe0>, verb_extension=<colcon_core.verb.build.BuildVerb object at 0x7f9b5c07ab00>, main=<bound method BuildVerb.main of <colcon_core.verb.build.BuildVerb object at 0x7f9b5c07ab00>>, mixin_verb=('build',))
[0.217s] Level 1:colcon.colcon_core.package_discovery:discover_packages(colcon_meta) check parameters
[0.217s] Level 1:colcon.colcon_core.package_discovery:discover_packages(recursive) check parameters
[0.217s] Level 1:colcon.colcon_core.package_discovery:discover_packages(ignore) check parameters
[0.217s] Level 1:colcon.colcon_core.package_discovery:discover_packages(path) check parameters
[0.217s] Level 1:colcon.colcon_core.package_discovery:discover_packages(colcon_meta) discover
[0.217s] Level 1:colcon.colcon_core.package_discovery:discover_packages(recursive) discover
[0.217s] INFO:colcon.colcon_core.package_discovery:Crawling recursively for packages in '/home/prime/Franka_KISTAR_R_Exp_GWB_V1.0/ros2'
[0.217s] Level 1:colcon.colcon_core.package_identification:_identify(.) by extensions ['ignore', 'ignore_ament_install']
[0.217s] Level 1:colcon.colcon_core.package_identification:_identify(.) by extension 'ignore'
[0.217s] Level 1:colcon.colcon_core.package_identification:_identify(.) by extension 'ignore_ament_install'
[0.217s] Level 1:colcon.colcon_core.package_identification:_identify(.) by extensions ['colcon_pkg']
[0.217s] Level 1:colcon.colcon_core.package_identification:_identify(.) by extension 'colcon_pkg'
[0.217s] Level 1:colcon.colcon_core.package_identification:_identify(.) by extensions ['colcon_meta']
[0.217s] Level 1:colcon.colcon_core.package_identification:_identify(.) by extension 'colcon_meta'
[0.217s] Level 1:colcon.colcon_core.package_identification:_identify(.) by extensions ['ros']
[0.217s] Level 1:colcon.colcon_core.package_identification:_identify(.) by extension 'ros'
[0.226s] Level 1:colcon.colcon_core.package_identification:_identify(.) by extensions ['cmake', 'python']
[0.226s] Level 1:colcon.colcon_core.package_identification:_identify(.) by extension 'cmake'
[0.226s] Level 1:colcon.colcon_core.package_identification:_identify(.) by extension 'python'
[0.226s] Level 1:colcon.colcon_core.package_identification:_identify(.) by extensions ['python_setup_py']
[0.226s] Level 1:colcon.colcon_core.package_identification:_identify(.) by extension 'python_setup_py'
[0.226s] Level 1:colcon.colcon_core.package_identification:_identify(build) by extensions ['ignore', 'ignore_ament_install']
[0.226s] Level 1:colcon.colcon_core.package_identification:_identify(build) by extension 'ignore'
[0.226s] Level 1:colcon.colcon_core.package_identification:_identify(build) ignored
[0.226s] Level 1:colcon.colcon_core.package_identification:_identify(install) by extensions ['ignore', 'ignore_ament_install']
[0.226s] Level 1:colcon.colcon_core.package_identification:_identify(install) by extension 'ignore'
[0.226s] Level 1:colcon.colcon_core.package_identification:_identify(install) ignored
[0.226s] Level 1:colcon.colcon_core.package_identification:_identify(kistar_hand_bridge) by extensions ['ignore', 'ignore_ament_install']
[0.226s] Level 1:colcon.colcon_core.package_identification:_identify(kistar_hand_bridge) by extension 'ignore'
[0.226s] Level 1:colcon.colcon_core.package_identification:_identify(kistar_hand_bridge) by extension 'ignore_ament_install'
[0.226s] Level 1:colcon.colcon_core.package_identification:_identify(kistar_hand_bridge) by extensions ['colcon_pkg']
[0.226s] Level 1:colcon.colcon_core.package_identification:_identify(kistar_hand_bridge) by extension 'colcon_pkg'
[0.226s] Level 1:colcon.colcon_core.package_identification:_identify(kistar_hand_bridge) by extensions ['colcon_meta']
[0.226s] Level 1:colcon.colcon_core.package_identification:_identify(kistar_hand_bridge) by extension 'colcon_meta'
[0.226s] Level 1:colcon.colcon_core.package_identification:_identify(kistar_hand_bridge) by extensions ['ros']
[0.226s] Level 1:colcon.colcon_core.package_identification:_identify(kistar_hand_bridge) by extension 'ros'
[0.229s] DEBUG:colcon.colcon_core.package_identification:Package 'kistar_hand_bridge' with type 'ros.ament_cmake' and name 'kistar_hand_bridge'
[0.229s] Level 1:colcon.colcon_core.package_identification:_identify(log) by extensions ['ignore', 'ignore_ament_install']
[0.229s] Level 1:colcon.colcon_core.package_identification:_identify(log) by extension 'ignore'
[0.229s] Level 1:colcon.colcon_core.package_identification:_identify(log) ignored
[0.229s] Level 1:colcon.colcon_core.package_discovery:discover_packages(recursive) using defaults
[0.229s] Level 1:colcon.colcon_core.package_discovery:discover_packages(ignore) discover
[0.229s] Level 1:colcon.colcon_core.package_discovery:discover_packages(ignore) using defaults
[0.229s] Level 1:colcon.colcon_core.package_discovery:discover_packages(path) discover
[0.229s] Level 1:colcon.colcon_core.package_discovery:discover_packages(path) using defaults
[0.254s] Level 1:colcon.colcon_core.package_discovery:discover_packages(prefix_path) check parameters
[0.254s] Level 1:colcon.colcon_core.package_discovery:discover_packages(prefix_path) discover
[0.256s] DEBUG:colcon.colcon_installed_package_information.package_discovery:Found 375 installed packages in /opt/ros/humble
[0.258s] Level 1:colcon.colcon_core.package_discovery:discover_packages(prefix_path) using defaults
[0.298s] Level 5:colcon.colcon_core.verb:set package 'kistar_hand_bridge' build argument 'cmake_args' from command line to 'None'
[0.298s] Level 5:colcon.colcon_core.verb:set package 'kistar_hand_bridge' build argument 'cmake_target' from command line to 'None'
[0.298s] Level 5:colcon.colcon_core.verb:set package 'kistar_hand_bridge' build argument 'cmake_target_skip_unavailable' from command line to 'False'
[0.298s] Level 5:colcon.colcon_core.verb:set package 'kistar_hand_bridge' build argument 'cmake_clean_cache' from command line to 'False'
[0.298s] Level 5:colcon.colcon_core.verb:set package 'kistar_hand_bridge' build argument 'cmake_clean_first' from command line to 'False'
[0.298s] Level 5:colcon.colcon_core.verb:set package 'kistar_hand_bridge' build argument 'cmake_force_configure' from command line to 'False'
[0.298s] Level 5:colcon.colcon_core.verb:set package 'kistar_hand_bridge' build argument 'ament_cmake_args' from command line to 'None'
[0.298s] Level 5:colcon.colcon_core.verb:set package 'kistar_hand_bridge' build argument 'catkin_cmake_args' from command line to 'None'
[0.298s] Level 5:colcon.colcon_core.verb:set package 'kistar_hand_bridge' build argument 'catkin_skip_building_tests' from command line to 'False'
[0.298s] DEBUG:colcon.colcon_core.verb:Building package 'kistar_hand_bridge' with the following arguments: {'ament_cmake_args': None, 'build_base': '/home/prime/Franka_KISTAR_R_Exp_GWB_V1.0/ros2/build/kistar_hand_bridge', 'catkin_cmake_args': None, 'catkin_skip_building_tests': False, 'cmake_args': None, 'cmake_clean_cache': False, 'cmake_clean_first': False, 'cmake_force_configure': False, 'cmake_target': None, 'cmake_target_skip_unavailable': False, 'install_base': '/home/prime/Franka_KISTAR_R_Exp_GWB_V1.0/ros2/install/kistar_hand_bridge', 'merge_install': False, 'path': '/home/prime/Franka_KISTAR_R_Exp_GWB_V1.0/ros2/kistar_hand_bridge', 'symlink_install': False, 'test_result_base': None}
[0.298s] INFO:colcon.colcon_core.executor:Executing jobs using 'parallel' executor
[0.299s] DEBUG:colcon.colcon_parallel_executor.executor.parallel:run_until_complete
[0.299s] INFO:colcon.colcon_ros.task.ament_cmake.build:Building ROS package in '/home/prime/Franka_KISTAR_R_Exp_GWB_V1.0/ros2/kistar_hand_bridge' with build type 'ament_cmake'
[0.299s] INFO:colcon.colcon_cmake.task.cmake.build:Building CMake package in '/home/prime/Franka_KISTAR_R_Exp_GWB_V1.0/ros2/kistar_hand_bridge'
[0.301s] INFO:colcon.colcon_core.plugin_system:Skipping extension 'colcon_core.shell.bat': Not used on non-Windows systems
[0.301s] INFO:colcon.colcon_core.shell:Skip shell extension 'powershell' for command environment: Not usable outside of PowerShell
[0.301s] DEBUG:colcon.colcon_core.shell:Skip shell extension 'dsv' for command environment
[0.307s] DEBUG:colcon.colcon_core.event_handler.log_command:Invoking command in '/home/prime/Franka_KISTAR_R_Exp_GWB_V1.0/ros2/build/kistar_hand_bridge': CMAKE_PREFIX_PATH=/opt/ros/humble /usr/bin/cmake /home/prime/Franka_KISTAR_R_Exp_GWB_V1.0/ros2/kistar_hand_bridge -DCMAKE_INSTALL_PREFIX=/home/prime/Franka_KISTAR_R_Exp_GWB_V1.0/ros2/install/kistar_hand_bridge
[1.298s] DEBUG:colcon.colcon_core.event_handler.log_command:Invoked command in '/home/prime/Franka_KISTAR_R_Exp_GWB_V1.0/ros2/build/kistar_hand_bridge' returned '0': CMAKE_PREFIX_PATH=/opt/ros/humble /usr/bin/cmake /home/prime/Franka_KISTAR_R_Exp_GWB_V1.0/ros2/kistar_hand_bridge -DCMAKE_INSTALL_PREFIX=/home/prime/Franka_KISTAR_R_Exp_GWB_V1.0/ros2/install/kistar_hand_bridge
[1.300s] DEBUG:colcon.colcon_core.event_handler.log_command:Invoking command in '/home/prime/Franka_KISTAR_R_Exp_GWB_V1.0/ros2/build/kistar_hand_bridge': CMAKE_PREFIX_PATH=/opt/ros/humble /usr/bin/cmake --build /home/prime/Franka_KISTAR_R_Exp_GWB_V1.0/ros2/build/kistar_hand_bridge -- -j8 -l8
[16.185s] DEBUG:colcon.colcon_core.event_handler.log_command:Invoked command in '/home/prime/Franka_KISTAR_R_Exp_GWB_V1.0/ros2/build/kistar_hand_bridge' returned '0': CMAKE_PREFIX_PATH=/opt/ros/humble /usr/bin/cmake --build /home/prime/Franka_KISTAR_R_Exp_GWB_V1.0/ros2/build/kistar_hand_bridge -- -j8 -l8
[16.189s] DEBUG:colcon.colcon_core.event_handler.log_command:Invoking command in '/home/prime/Franka_KISTAR_R_Exp_GWB_V1.0/ros2/build/kistar_hand_bridge': CMAKE_PREFIX_PATH=/opt/ros/humble /usr/bin/cmake --install /home/prime/Franka_KISTAR_R_Exp_GWB_V1.0/ros2/build/kistar_hand_bridge
[16.202s] Level 1:colcon.colcon_core.environment:create_environment_scripts_only(kistar_hand_bridge)
[16.202s] DEBUG:colcon.colcon_core.event_handler.log_command:Invoked command in '/home/prime/Franka_KISTAR_R_Exp_GWB_V1.0/ros2/build/kistar_hand_bridge' returned '0': CMAKE_PREFIX_PATH=/opt/ros/humble /usr/bin/cmake --install /home/prime/Franka_KISTAR_R_Exp_GWB_V1.0/ros2/build/kistar_hand_bridge
[16.204s] Level 1:colcon.colcon_core.environment:checking '/home/prime/Franka_KISTAR_R_Exp_GWB_V1.0/ros2/install/kistar_hand_bridge' for CMake module files
[16.205s] Level 1:colcon.colcon_core.environment:checking '/home/prime/Franka_KISTAR_R_Exp_GWB_V1.0/ros2/install/kistar_hand_bridge' for CMake config files
[16.205s] Level 1:colcon.colcon_core.shell:create_environment_hook('kistar_hand_bridge', 'cmake_prefix_path')
[16.205s] INFO:colcon.colcon_core.shell:Creating environment hook '/home/prime/Franka_KISTAR_R_Exp_GWB_V1.0/ros2/install/kistar_hand_bridge/share/kistar_hand_bridge/hook/cmake_prefix_path.ps1'
[16.206s] INFO:colcon.colcon_core.shell:Creating environment descriptor '/home/prime/Franka_KISTAR_R_Exp_GWB_V1.0/ros2/install/kistar_hand_bridge/share/kistar_hand_bridge/hook/cmake_prefix_path.dsv'
[16.206s] INFO:colcon.colcon_core.shell:Creating environment hook '/home/prime/Franka_KISTAR_R_Exp_GWB_V1.0/ros2/install/kistar_hand_bridge/share/kistar_hand_bridge/hook/cmake_prefix_path.sh'
[16.207s] Level 1:colcon.colcon_core.environment:checking '/home/prime/Franka_KISTAR_R_Exp_GWB_V1.0/ros2/install/kistar_hand_bridge/lib'
[16.207s] Level 1:colcon.colcon_core.environment:checking '/home/prime/Franka_KISTAR_R_Exp_GWB_V1.0/ros2/install/kistar_hand_bridge/bin'
[16.207s] Level 1:colcon.colcon_core.environment:checking '/home/prime/Franka_KISTAR_R_Exp_GWB_V1.0/ros2/install/kistar_hand_bridge/lib/pkgconfig/kistar_hand_bridge.pc'
[16.207s] Level 1:colcon.colcon_core.environment:checking '/home/prime/Franka_KISTAR_R_Exp_GWB_V1.0/ros2/install/kistar_hand_bridge/lib/python3.10/site-packages'
[16.208s] Level 1:colcon.colcon_core.environment:checking '/home/prime/Franka_KISTAR_R_Exp_GWB_V1.0/ros2/install/kistar_hand_bridge/bin'
[16.208s] INFO:colcon.colcon_core.shell:Creating package script '/home/prime/Franka_KISTAR_R_Exp_GWB_V1.0/ros2/install/kistar_hand_bridge/share/kistar_hand_bridge/package.ps1'
[16.209s] INFO:colcon.colcon_core.shell:Creating package descriptor '/home/prime/Franka_KISTAR_R_Exp_GWB_V1.0/ros2/install/kistar_hand_bridge/share/kistar_hand_bridge/package.dsv'
[16.209s] INFO:colcon.colcon_core.shell:Creating package script '/home/prime/Franka_KISTAR_R_Exp_GWB_V1.0/ros2/install/kistar_hand_bridge/share/kistar_hand_bridge/package.sh'
[16.210s] INFO:colcon.colcon_core.shell:Creating package script '/home/prime/Franka_KISTAR_R_Exp_GWB_V1.0/ros2/install/kistar_hand_bridge/share/kistar_hand_bridge/package.bash'
[16.210s] INFO:colcon.colcon_core.shell:Creating package script '/home/prime/Franka_KISTAR_R_Exp_GWB_V1.0/ros2/install/kistar_hand_bridge/share/kistar_hand_bridge/package.zsh'
[16.211s] Level 1:colcon.colcon_core.environment:create_file_with_runtime_dependencies(/home/prime/Franka_KISTAR_R_Exp_GWB_V1.0/ros2/install/kistar_hand_bridge/share/colcon-core/packages/kistar_hand_bridge)
[16.211s] Level 1:colcon.colcon_core.environment:create_environment_scripts_only(kistar_hand_bridge)
[16.211s] Level 1:colcon.colcon_core.environment:checking '/home/prime/Franka_KISTAR_R_Exp_GWB_V1.0/ros2/install/kistar_hand_bridge' for CMake module files
[16.212s] Level 1:colcon.colcon_core.environment:checking '/home/prime/Franka_KISTAR_R_Exp_GWB_V1.0/ros2/install/kistar_hand_bridge' for CMake config files
[16.212s] Level 1:colcon.colcon_core.shell:create_environment_hook('kistar_hand_bridge', 'cmake_prefix_path')
[16.212s] INFO:colcon.colcon_core.shell:Creating environment hook '/home/prime/Franka_KISTAR_R_Exp_GWB_V1.0/ros2/install/kistar_hand_bridge/share/kistar_hand_bridge/hook/cmake_prefix_path.ps1'
[16.212s] INFO:colcon.colcon_core.shell:Creating environment descriptor '/home/prime/Franka_KISTAR_R_Exp_GWB_V1.0/ros2/install/kistar_hand_bridge/share/kistar_hand_bridge/hook/cmake_prefix_path.dsv'
[16.212s] INFO:colcon.colcon_core.shell:Creating environment hook '/home/prime/Franka_KISTAR_R_Exp_GWB_V1.0/ros2/install/kistar_hand_bridge/share/kistar_hand_bridge/hook/cmake_prefix_path.sh'
[16.213s] Level 1:colcon.colcon_core.environment:checking '/home/prime/Franka_KISTAR_R_Exp_GWB_V1.0/ros2/install/kistar_hand_bridge/lib'
[16.213s] Level 1:colcon.colcon_core.environment:checking '/home/prime/Franka_KISTAR_R_Exp_GWB_V1.0/ros2/install/kistar_hand_bridge/bin'
[16.213s] Level 1:colcon.colcon_core.environment:checking '/home/prime/Franka_KISTAR_R_Exp_GWB_V1.0/ros2/install/kistar_hand_bridge/lib/pkgconfig/kistar_hand_bridge.pc'
[16.213s] Level 1:colcon.colcon_core.environment:checking '/home/prime/Franka_KISTAR_R_Exp_GWB_V1.0/ros2/install/kistar_hand_bridge/lib/python3.10/site-packages'
[16.213s] Level 1:colcon.colcon_core.environment:checking '/home/prime/Franka_KISTAR_R_Exp_GWB_V1.0/ros2/install/kistar_hand_bridge/bin'
[16.214s] INFO:colcon.colcon_core.shell:Creating package script '/home/prime/Franka_KISTAR_R_Exp_GWB_V1.0/ros2/install/kistar_hand_bridge/share/kistar_hand_bridge/package.ps1'
[16.214s] INFO:colcon.colcon_core.shell:Creating package descriptor '/home/prime/Franka_KISTAR_R_Exp_GWB_V1.0/ros2/install/kistar_hand_bridge/share/kistar_hand_bridge/package.dsv'
[16.215s] INFO:colcon.colcon_core.shell:Creating package script '/home/prime/Franka_KISTAR_R_Exp_GWB_V1.0/ros2/install/kistar_hand_bridge/share/kistar_hand_bridge/package.sh'
[16.215s] INFO:colcon.colcon_core.shell:Creating package script '/home/prime/Franka_KISTAR_R_Exp_GWB_V1.0/ros2/install/kistar_hand_bridge/share/kistar_hand_bridge/package.bash'
[16.215s] INFO:colcon.colcon_core.shell:Creating package script '/home/prime/Franka_KISTAR_R_Exp_GWB_V1.0/ros2/install/kistar_hand_bridge/share/kistar_hand_bridge/package.zsh'
[16.216s] Level 1:colcon.colcon_core.environment:create_file_with_runtime_dependencies(/home/prime/Franka_KISTAR_R_Exp_GWB_V1.0/ros2/install/kistar_hand_bridge/share/colcon-core/packages/kistar_hand_bridge)
[16.216s] DEBUG:colcon.colcon_parallel_executor.executor.parallel:closing loop
[16.217s] DEBUG:colcon.colcon_parallel_executor.executor.parallel:loop closed
[16.217s] DEBUG:colcon.colcon_parallel_executor.executor.parallel:run_until_complete finished with '0'
[16.217s] DEBUG:colcon.colcon_core.event_reactor:joining thread
[16.220s] INFO:colcon.colcon_core.plugin_system:Skipping extension 'colcon_notification.desktop_notification.terminal_notifier': Not used on non-Darwin systems
[16.220s] INFO:colcon.colcon_core.plugin_system:Skipping extension 'colcon_notification.desktop_notification.win32': Not used on non-Windows systems
[16.220s] INFO:colcon.colcon_notification.desktop_notification:Sending desktop notification using 'notify2'
[16.221s] DEBUG:colcon.colcon_notification.desktop_notification.notify2:Failed to initialize notify2: org.freedesktop.DBus.Error.AccessDenied: Failed to connect to socket /run/user/1000/bus: Operation not permitted
[16.221s] DEBUG:colcon.colcon_core.event_reactor:joined thread
[16.221s] INFO:colcon.colcon_core.shell:Creating prefix script '/home/prime/Franka_KISTAR_R_Exp_GWB_V1.0/ros2/install/local_setup.ps1'
[16.222s] INFO:colcon.colcon_core.shell:Creating prefix util module '/home/prime/Franka_KISTAR_R_Exp_GWB_V1.0/ros2/install/_local_setup_util_ps1.py'
[16.223s] INFO:colcon.colcon_core.shell:Creating prefix chain script '/home/prime/Franka_KISTAR_R_Exp_GWB_V1.0/ros2/install/setup.ps1'
[16.224s] INFO:colcon.colcon_core.shell:Creating prefix script '/home/prime/Franka_KISTAR_R_Exp_GWB_V1.0/ros2/install/local_setup.sh'
[16.224s] INFO:colcon.colcon_core.shell:Creating prefix util module '/home/prime/Franka_KISTAR_R_Exp_GWB_V1.0/ros2/install/_local_setup_util_sh.py'
[16.225s] INFO:colcon.colcon_core.shell:Creating prefix chain script '/home/prime/Franka_KISTAR_R_Exp_GWB_V1.0/ros2/install/setup.sh'
[16.225s] INFO:colcon.colcon_core.shell:Creating prefix script '/home/prime/Franka_KISTAR_R_Exp_GWB_V1.0/ros2/install/local_setup.bash'
[16.226s] INFO:colcon.colcon_core.shell:Creating prefix chain script '/home/prime/Franka_KISTAR_R_Exp_GWB_V1.0/ros2/install/setup.bash'
[16.226s] INFO:colcon.colcon_core.shell:Creating prefix script '/home/prime/Franka_KISTAR_R_Exp_GWB_V1.0/ros2/install/local_setup.zsh'
[16.227s] INFO:colcon.colcon_core.shell:Creating prefix chain script '/home/prime/Franka_KISTAR_R_Exp_GWB_V1.0/ros2/install/setup.zsh'
