CMake Deprecation Warning at CMakeLists.txt:1 (cmake_minimum_required):
  Compatibility with CMake < 3.10 will be removed from a future version of
  CMake.

  Update the VERSION argument <min> value.  Or, use the <min>...<max> syntax
  to tell CMake that the project requires at least <min> but has been updated
  to work with policies introduced by <max> or earlier.


-- The C compiler identification is GNU 11.4.0
-- The CXX compiler identification is GNU 11.4.0
-- Detecting C compiler ABI info
-- Detecting C compiler ABI info - done
-- Check for working C compiler: /usr/bin/cc - skipped
-- Detecting C compile features
-- Detecting C compile features - done
-- Detecting CXX compiler ABI info
-- Detecting CXX compiler ABI info - done
-- Check for working CXX compiler: /usr/bin/c++ - skipped
-- Detecting CXX compile features
-- Detecting CXX compile features - done
-- Found ament_cmake: 1.3.12 (/opt/ros/humble/share/ament_cmake/cmake)
-- Found Python3: /usr/bin/python3 (found version "3.10.12") found components: Interpreter
-- Found rclcpp: 16.0.16 (/opt/ros/humble/share/rclcpp/cmake)
-- Found rosidl_generator_c: 3.1.7 (/opt/ros/humble/share/rosidl_generator_c/cmake)
-- Found rosidl_adapter: 3.1.7 (/opt/ros/humble/share/rosidl_adapter/cmake)
-- Found rosidl_generator_cpp: 3.1.7 (/opt/ros/humble/share/rosidl_generator_cpp/cmake)
-- Using all available rosidl_typesupport_c: rosidl_typesupport_fastrtps_c;rosidl_typesupport_introspection_c
-- Using all available rosidl_typesupport_cpp: rosidl_typesupport_fastrtps_cpp;rosidl_typesupport_introspection_cpp
-- Found rmw_implementation_cmake: 6.1.2 (/opt/ros/humble/share/rmw_implementation_cmake/cmake)
-- Found rmw_fastrtps_cpp: 6.2.9 (/opt/ros/humble/share/rmw_fastrtps_cpp/cmake)
-- Found OpenSSL: /usr/lib/x86_64-linux-gnu/libcrypto.so (found version "3.0.2")
-- Found FastRTPS: /opt/ros/humble/include
-- Using RMW implementation 'rmw_fastrtps_cpp' as default
-- Performing Test CMAKE_HAVE_LIBC_PTHREAD
-- Performing Test CMAKE_HAVE_LIBC_PTHREAD - Success
-- Found Threads: TRUE
-- Found trajectory_msgs: 4.9.1 (/opt/ros/humble/share/trajectory_msgs/cmake)
-- Configuring done (1.0s)
-- Generating done (0.0s)
-- Build files have been written to: /home/prime/Franka_KISTAR_R_Exp_GWB_V1.0/ros2/build/kistar_hand_bridge
[ 33%] Building CXX object CMakeFiles/kistar_hand_bridge_node.dir/src/kistar_hand_bridge_node.cpp.o
[ 66%] Building CXX object CMakeFiles/kistar_hand_bridge_node.dir/home/prime/Franka_KISTAR_R_Exp_GWB_V1.0/src/shm.cpp.o
/home/prime/Franka_KISTAR_R_Exp_GWB_V1.0/src/shm.cpp: In function ‘void init_shm(int, int&, SHMmsgs**)’:
/home/prime/Franka_KISTAR_R_Exp_GWB_V1.0/src/shm.cpp:28:20: warning: ‘void* memset(void*, int, size_t)’ clearing an object of type ‘struct SHMmsgs’ with no trivial copy-assignment; use value-initialization instead [-Wclass-memaccess]
   28 |         std::memset(*shm_ref, 0, sizeof(SHMmsgs));
      |         ~~~~~~~~~~~^~~~~~~~~~~~~~~~~~~~~~~~~~~~~~
In file included from /home/prime/Franka_KISTAR_R_Exp_GWB_V1.0/src/shm.cpp:1:
/home/prime/Franka_KISTAR_R_Exp_GWB_V1.0/ros2/kistar_hand_bridge/../../inc/shm.h:41:8: note: ‘struct SHMmsgs’ declared here
   41 | struct SHMmsgs {
      |        ^~~~~~~
[100%] Linking CXX executable kistar_hand_bridge_node
[100%] Built target kistar_hand_bridge_node
-- Install configuration: ""
-- Installing: /home/prime/Franka_KISTAR_R_Exp_GWB_V1.0/ros2/install/kistar_hand_bridge/lib/kistar_hand_bridge/kistar_hand_bridge_node
-- Set non-toolchain portion of runtime path of "/home/prime/Franka_KISTAR_R_Exp_GWB_V1.0/ros2/install/kistar_hand_bridge/lib/kistar_hand_bridge/kistar_hand_bridge_node" to ""
-- Installing: /home/prime/Franka_KISTAR_R_Exp_GWB_V1.0/ros2/install/kistar_hand_bridge/share/kistar_hand_bridge/launch
-- Installing: /home/prime/Franka_KISTAR_R_Exp_GWB_V1.0/ros2/install/kistar_hand_bridge/share/kistar_hand_bridge/launch/hand_bridge.launch.py
-- Installing: /home/prime/Franka_KISTAR_R_Exp_GWB_V1.0/ros2/install/kistar_hand_bridge/share/ament_index/resource_index/package_run_dependencies/kistar_hand_bridge
-- Installing: /home/prime/Franka_KISTAR_R_Exp_GWB_V1.0/ros2/install/kistar_hand_bridge/share/ament_index/resource_index/parent_prefix_path/kistar_hand_bridge
-- Installing: /home/prime/Franka_KISTAR_R_Exp_GWB_V1.0/ros2/install/kistar_hand_bridge/share/kistar_hand_bridge/environment/ament_prefix_path.sh
-- Installing: /home/prime/Franka_KISTAR_R_Exp_GWB_V1.0/ros2/install/kistar_hand_bridge/share/kistar_hand_bridge/environment/ament_prefix_path.dsv
-- Installing: /home/prime/Franka_KISTAR_R_Exp_GWB_V1.0/ros2/install/kistar_hand_bridge/share/kistar_hand_bridge/environment/path.sh
-- Installing: /home/prime/Franka_KISTAR_R_Exp_GWB_V1.0/ros2/install/kistar_hand_bridge/share/kistar_hand_bridge/environment/path.dsv
-- Installing: /home/prime/Franka_KISTAR_R_Exp_GWB_V1.0/ros2/install/kistar_hand_bridge/share/kistar_hand_bridge/local_setup.bash
-- Installing: /home/prime/Franka_KISTAR_R_Exp_GWB_V1.0/ros2/install/kistar_hand_bridge/share/kistar_hand_bridge/local_setup.sh
-- Installing: /home/prime/Franka_KISTAR_R_Exp_GWB_V1.0/ros2/install/kistar_hand_bridge/share/kistar_hand_bridge/local_setup.zsh
-- Installing: /home/prime/Franka_KISTAR_R_Exp_GWB_V1.0/ros2/install/kistar_hand_bridge/share/kistar_hand_bridge/local_setup.dsv
-- Installing: /home/prime/Franka_KISTAR_R_Exp_GWB_V1.0/ros2/install/kistar_hand_bridge/share/kistar_hand_bridge/package.dsv
-- Installing: /home/prime/Franka_KISTAR_R_Exp_GWB_V1.0/ros2/install/kistar_hand_bridge/share/ament_index/resource_index/packages/kistar_hand_bridge
-- Installing: /home/prime/Franka_KISTAR_R_Exp_GWB_V1.0/ros2/install/kistar_hand_bridge/share/kistar_hand_bridge/cmake/kistar_hand_bridgeConfig.cmake
-- Installing: /home/prime/Franka_KISTAR_R_Exp_GWB_V1.0/ros2/install/kistar_hand_bridge/share/kistar_hand_bridge/cmake/kistar_hand_bridgeConfig-version.cmake
-- Installing: /home/prime/Franka_KISTAR_R_Exp_GWB_V1.0/ros2/install/kistar_hand_bridge/share/kistar_hand_bridge/package.xml
